2026-08-05T06:48:44+02:00	target=hospital_management_system	reason=Additive controlled live development database reconstruction	authorization=verified-backup:hms_before_reconstruction.sql
2026-08-05T06:49:30+02:00	target=hms_test_hospital_management_system	reason=Explicit reconstruction of dedicated automated test database	authorization=verified-backup
2026-08-05T07:27:59+02:00	target=hms_test_hospital_management_system	reason=Explicit reconstruction of dedicated automated test database	authorization=verified-backup
2026-08-05T07:43:18+02:00	target=hospital_management_system	reason=Additive controlled live development database reconstruction	authorization=verified-backup:hms_before_migration_016_20260805_064201.sql
2026-08-05T08:14:33+02:00	target=hms_test_hospital_management_system	reason=Explicit reconstruction of dedicated automated test database	authorization=verified-backup
2026-08-05T09:26:17+02:00	target=hospital_management_system	reason=Additive controlled live development database reconstruction	authorization=verified-backup:hms_before_migration_017_20260805_082559.sql
2026-08-05T13:10:00+02:00	target=hms_test_hospital_management_system	reason=Explicit reconstruction of dedicated automated test database	authorization=verified-backup
2026-08-05T13:13:47+02:00	target=hms_test_hospital_management_system	reason=Explicit reconstruction of dedicated automated test database	authorization=verified-backup
2026-08-05T13:14:40+02:00	target=hms_test_hospital_management_system	reason=Explicit reconstruction of dedicated automated test database	authorization=verified-backup
2026-08-05T15:11:57+02:00	target=hms_test_hospital_management_system	reason=Explicit reconstruction of dedicated automated test database	authorization=verified-backup
2026-08-05T15:13:54+02:00	target=hms_test_hospital_management_system	reason=Explicit reconstruction of dedicated automated test database	authorization=verified-backup
2026-08-05T15:14:55+02:00	target=hms_test_hospital_management_system	reason=Explicit reconstruction of dedicated automated test database	authorization=verified-backup
2026-08-05T15:23:37+02:00	target=hms_test_hospital_management_system	reason=Explicit Migration 019 down/up verification on empty dedicated test tables	authorization=verified-backup
2026-08-05T16:52:54+02:00	target=hms_test_hospital_management_system	reason=Explicit reconstruction of dedicated automated test database	authorization=verified-backup
2026-08-05T16:53:30+02:00	target=hms_test_hospital_management_system	reason=Explicit reconstruction of dedicated automated test database	authorization=verified-backup
2026-08-05T16:57:37+02:00	target=hms_test_hospital_management_system	reason=Explicit reconstruction of dedicated automated test database	authorization=verified-backup
2026-08-05T16:57:53+02:00	target=hms_test_hospital_management_system	reason=Explicit Migration 020 down/up verification on empty dedicated test tables	authorization=verified-backup
2026-08-05T16:59:38+02:00	target=hospital_management_system	reason=Additive controlled live development database reconstruction	authorization=verified-backup:hms_before_migration_020_20260805_155217.sql
2026-08-05T18:39:06+02:00	target=hms_test_hospital_management_system	reason=Explicit reconstruction of dedicated automated test database	authorization=verified-backup
2026-08-05T18:44:41+02:00	target=hms_test_hospital_management_system	reason=Explicit reconstruction of dedicated automated test database	authorization=verified-backup
2026-08-05T18:45:23+02:00	target=hms_test_hospital_management_system	reason=Explicit Migration 021 down/up verification on empty dedicated test tables	authorization=verified-backup
2026-08-05T18:45:40+02:00	target=hospital_management_system	reason=Additive controlled live development database reconstruction	authorization=verified-backup:hms_before_migration_021_20260805_173844.sql
2026-08-08T12:16:44+02:00	target=hospital_management_system	reason=Additive controlled live development database reconstruction	authorization=verified-backup:hms_before_migration_022_20260808_111637.sql
2026-08-09T08:46:51+02:00	target=hospital_management_system	reason=Apply Phase 3.4 Laboratory migration after verified current-session backup	authorization=verified-backup:hms_before_migration_025_20260809_074327.sql
2026-08-10T00:34:05+02:00	target=hospital_management_system	reason=Additive controlled live development database reconstruction	authorization=verified-backup:hms_before_migration_027_20260809_224759.sql
2026-08-10T22:47:55+02:00	target=hospital_management_system	reason=Additive controlled live development database reconstruction	authorization=verified-backup:hms_before_migration_028_20260810_001.sql
2026-08-11T00:09:01+02:00	target=hospital_management_system	reason=Additive controlled live development database reconstruction	authorization=verified-backup:hms_before_migration_029_20260810_230841.sql
2026-08-11T01:29:27+02:00	target=hospital_management_system	reason=Additive controlled live development database reconstruction	authorization=verified-backup:hms_before_migration_030_20260811_002918.sql
2026-08-11T02:01:09+02:00	target=hospital_management_system	reason=Additive controlled live development database reconstruction	authorization=verified-backup:hms_before_migration_031_20260811_010057.sql
2026-08-11T23:27:40+02:00	target=hospital_management_system	reason=Additive controlled live development database reconstruction	authorization=verified-backup:hms_before_migration_032_20260811_222348.sql
2026-08-12T00:44:00+02:00	target=hospital_management_system	reason=Additive controlled live development database reconstruction	authorization=verified-backup:hms_before_migration_033_20260811_233249.sql
2026-08-12T15:40:34+02:00	target=hospital_management_system	reason=Additive controlled live development database reconstruction	authorization=verified-backup:hms_before_migration_035_20260812_143953.sql
2026-08-12T18:59:47+02:00	target=hospital_management_system	reason=Additive controlled live development database reconstruction	authorization=verified-backup:hms_before_migration_036_20260812_175844.sql
2026-08-19T13:04:29+02:00	target=hospital_management_system	reason=Additive controlled live development database reconstruction	authorization=verified-backup:hms_before_migration_037_20260819_120355.sql
2026-08-23T09:30:57+02:00	target=hospital_management_system	reason=Additive controlled live development database reconstruction	authorization=verified-backup:hms_before_migration_038_20260823_083024.sql
2026-08-23T11:06:14+02:00	target=hospital_management_system	reason=Additive controlled live development database reconstruction	authorization=verified-backup:hms_before_migration_039_20260823_lockout.sql
2026-08-23T11:27:55+02:00	target=hospital_management_system	reason=Additive controlled live development database reconstruction	authorization=verified-backup:hms_before_migration_040_20260823_reception_admission.sql
2026-08-23T12:44:01+02:00	target=hospital_management_system	reason=Additive controlled live development database reconstruction	authorization=verified-backup:hms_before_migration_041_20260823_user_notifications.sql
2026-08-23T15:06:17+02:00	target=hospital_management_system	reason=Additive controlled live development database reconstruction	authorization=verified-backup:hms_before_migration_042_20260823_reopen_encounter.sql
